// Jest Snapshot v1, https://goo.gl/fbAQLP

exports[`First React component test with Enzyme matches the header snapshot 1`] = `ShallowWrapper {}`;
